// Jest Snapshot v1, https://goo.gl/fbAQLP

exports[`renders correctly 1`] = `
<div
  className="storybook-button storybook-button--medium storybook-button--secondary"
  data-testid="base-button"
  style={null}
  type="button"
>
  Apply Now
</div>
`;
